LTspice 26.0.1 for Windows
Circuit: C:\Users\lucca\Desktop\TP_Final_TC1\test.net
Start Time: Thu May 28 18:18:53 2026
solver = Normal
Maximum thread count: 20
tnom = 27
temp = 27
method = trap
Direct Newton iteration failed to find operating point.
Starting Gmin stepping
Gmin stepping failed to find operating point. Use".option gminsteps=0" to skip all Gmin stepping.
Starting source stepping with srcstepmethod=0
Source stepping succeeded in finding the operating point.

Total elapsed time: 0.301 seconds.

Files loaded:
C:\Users\lucca\Desktop\TP_Final_TC1\test.net
C:\Users\lucca\AppData\Local\LTspice\lib\sub\ADI.lib

